[Conjured Banana Cake, 6, -1] => Conjured Banana Cake, -2, 2 
[Conjured Banana Cake, 6, 0] => Conjured Banana Cake, -1, 2 
[Conjured Banana Cake, 6, 1] => Conjured Banana Cake, 0, 4 
